1
true
-1
-1
true
2
1064
true
726
true
true
726
true
false
true
1271
1283
0
true
1595
1283
false
1336
1321
1336
1321
1206
1146
297
true
true
5
true
false
1933
646
